<html>
<body>
<pre>
<h1>µVision Build Log</h1>
<h2>Tool Versions:</h2>
IDE-Version: ¦ÌVision V5.15
Copyright (C) 2015 ARM Ltd and ARM Germany GmbH. All rights reserved.
License Information: li guannan, tju, LIC=R4HJJ-UNHSF-QG67I-TS1RA-RU7XU-UJ44B
 
Tool Versions:
Toolchain:       MDK-ARM Professional  Version: 5.15.0
Toolchain Path:  D:\keil5\ARM\ARMCC\Bin
C Compiler:      Armcc.exe V5.05 update 2 (build 169)
Assembler:       Armasm.exe V5.05 update 2 (build 169)
Linker/Locator:  ArmLink.exe V5.05 update 2 (build 169)
Library Manager: ArmAr.exe V5.05 update 2 (build 169)
Hex Converter:   FromElf.exe V5.05 update 2 (build 169)
CPU DLL:         SARMCM3.DLL V5.15.0
Dialog DLL:      DCM.DLL V1.13.2.0
Target DLL:      Segger\JL2CM3.dll V2.99.15.0
Dialog DLL:      TCM.DLL V1.14.5.0
 
<h2>Project:</h2>
C:\Users\LEE\Desktop\Fwlib-Template\Project\BH-103.uvprojx
Project File Date:  02/07/2021

<h2>Output:</h2>
*** Using Compiler 'V5.05 update 2 (build 169)', folder: 'D:\keil5\ARM\ARMCC\Bin'
Build target 'Target 1'
compiling main.c...
..\User\IMU.h(5): warning:  #1-D: last line of file ends without a newline
  void IMUupdate(float gx, float gy, float gz, float ax, float ay, float az) ;
..\User\tim.h(16): warning:  #1-D: last line of file ends without a newline
  #endif
..\User\main.c: 2 warnings, 0 errors
linking...
Program Size: Code=9328 RO-data=576 RW-data=144 ZI-data=1056  
FromELF: creating hex file...
".\Listings\BH-103.axf" - 0 Error(s), 2 Warning(s).

<h2>Collection of Component include folders:</h2>
  C:\Users\LEE\Desktop\Fwlib-Template\Project\RTE
  D:\keil5\ARM\PACK\Keil\STM32F1xx_DFP\1.1.0\Device\Include

<h2>Collection of Component Files used:</h2>
</pre>
</body>
</html>
